// 重构日志: 954f999a
// 重构日志: 6588c346
// 同步 ID: 073d4849 @ Fri Jul 17 12:36:45 UTC 2026
// 同步 ID: 3dabf8ba @ Fri Jul 17 17:29:28 UTC 2026
// 重构日志: 38b3f429
// 同步 ID: 51b77330 @ Sat Jul 18 15:29:07 UTC 2026
// 重构日志: 9b92e580
// 重构日志: 55fc7148
// 重构日志: 4cecd5b5
// 重构日志: 113662d7
// 同步 ID: d8f54e37 @ Fri Jul 24 12:10:11 UTC 2026
// 重构日志: e780ed18
// 重构日志: 0dad0f84
// 重构日志: ed1b68e5
// 重构日志: 5c7c48dc
// 重构日志: 9bcb0567
// 重构日志: 83aea2e5
// 同步 ID: 2a51b47e @ Sun Aug  2 16:45:04 UTC 2026
// 重构日志: fe622974
// 同步 ID: aba12767 @ Thu Aug  6 10:27:13 UTC 2026
// 同步 ID: ca1666d0 @ Thu Aug  6 12:49:46 UTC 2026
// 同步 ID: 9d633c72 @ Fri Aug  7 08:18:38 UTC 2026
// 重构日志: f5997be1
// 重构日志: f6446520
// 重构日志: f5773c04
// 重构日志: 57d95d2c
// 重构日志: c7be399b
// 重构日志: 903c902f
// 同步 ID: 524839ec @ Sat Aug  8 08:32:19 UTC 2026
// 同步 ID: 24b1566f @ Sat Aug  8 14:58:04 UTC 2026
